==================================================================
  WORLD CITY SIMULATION: 10 cities, 4 continents, 2025-2030
==================================================================

==========================================================
  CITY: Fremont, CA
==========================================================
    Loaded cache: Fremont, CA
    Fremont, CA: 70 intersections, 96 road links (real OSM)
      2025 ...
      2026 ...
      2027 ...
      2028 ...
      2029 ...
      2030 ...
    CO2 (kg/run): Fixed-Time 2025=614.5  ->  2030: Greedy=573.1  QA-QUBO=527.9

==========================================================
  CITY: Delhi, India
==========================================================
    Loaded cache: Delhi, India
    Delhi, India: 42 intersections, 52 road links (real OSM)
      2025 ...
      2026 ...
      2027 ...
      2028 ...
      2029 ...
      2030 ...
    CO2 (kg/run): Fixed-Time 2025=3718.6  ->  2030: Greedy=4814.2  QA-QUBO=4502.1

==========================================================
  CITY: Los Angeles, CA
==========================================================
    Loaded cache: Los Angeles, CA
    Los Angeles, CA: 44 intersections, 65 road links (real OSM) (excluded 1 freeway-grade edges)
      2025 ...
      2026 ...
      2027 ...
      2028 ...
      2029 ...
      2030 ...
    CO2 (kg/run): Fixed-Time 2025=1727.4  ->  2030: Greedy=2434.2  QA-QUBO=2080.7

==========================================================
  CITY: Singapore
==========================================================
    Loaded cache: Singapore
    Singapore: 43 intersections, 53 road links (real OSM) (excluded 13 freeway-grade edges)
      2025 ...
      2026 ...
      2027 ...
      2028 ...
      2029 ...
      2030 ...
    CO2 (kg/run): Fixed-Time 2025=514.7  ->  2030: Greedy=595.1  QA-QUBO=537.0

==========================================================
  CITY: Oslo, Norway
==========================================================
    Loaded cache: Oslo, Norway
    Oslo, Norway: 70 intersections, 86 road links (real OSM) (excluded 67 freeway-grade edges)
      2025 ...
      2026 ...
      2027 ...
      2028 ...
      2029 ...
      2030 ...
    CO2 (kg/run): Fixed-Time 2025=429.3  ->  2030: Greedy=312.2  QA-QUBO=330.2

==========================================================
  CITY: Mexico City, Mexico
==========================================================
    Loaded cache: Mexico City, Mexico
    Mexico City, Mexico: 65 intersections, 100 road links (real OSM)
      2025 ...
      2026 ...
      2027 ...
      2028 ...
      2029 ...
      2030 ...
    CO2 (kg/run): Fixed-Time 2025=4515.5  ->  2030: Greedy=5936.2  QA-QUBO=5356.4

==========================================================
  CITY: Beijing, China
==========================================================
    Downloading OSM: Beijing, China (r=500m)...
    Beijing, China: 30 intersections, 35 road links (real OSM) (excluded 6 freeway-grade edges)
      2025 ...
      2026 ...
      2027 ...
      2028 ...
      2029 ...
      2030 ...
    CO2 (kg/run): Fixed-Time 2025=1156.8  ->  2030: Greedy=1714.4  QA-QUBO=1540.2

==========================================================
  CITY: Jakarta, Indonesia
==========================================================
    Downloading OSM: Jakarta, Indonesia (r=400m)...
    Jakarta, Indonesia: 47 intersections, 58 road links (real OSM)
      2025 ...
      2026 ...
      2027 ...
      2028 ...
      2029 ...
      2030 ...
    CO2 (kg/run): Fixed-Time 2025=3511.9  ->  2030: Greedy=4603.3  QA-QUBO=4367.3

==========================================================
  CITY: London, UK
==========================================================
    Downloading OSM: London, UK (r=500m)...
    London, UK: 70 intersections, 70 road links (real OSM)
      2025 ...
      2026 ...
      2027 ...
      2028 ...
      2029 ...
      2030 ...
    CO2 (kg/run): Fixed-Time 2025=1186.5  ->  2030: Greedy=1580.7  QA-QUBO=1386.4

==========================================================
  CITY: Zurich, Switzerland
==========================================================
    Loaded cache: Zurich, Switzerland
    Zurich, Switzerland: 70 intersections, 74 road links (real OSM)
      2025 ...
      2026 ...
      2027 ...
      2028 ...
      2029 ...
      2030 ...
    CO2 (kg/run): Fixed-Time 2025=431.9  ->  2030: Greedy=320.6  QA-QUBO=344.5

==========================================================
  CITY: Cairo, Egypt
==========================================================
    Downloading OSM: Cairo, Egypt (r=500m)...
    Cairo, Egypt: 70 intersections, 82 road links (real OSM) (excluded 38 freeway-grade edges)
      2025 ...
      2026 ...
      2027 ...
      2028 ...
      2029 ...
      2030 ...
    CO2 (kg/run): Fixed-Time 2025=3259.6  ->  2030: Greedy=4702.9  QA-QUBO=4223.3

==========================================================
  CITY: Tokyo, Japan
==========================================================
    Downloading OSM: Tokyo, Japan (r=500m)...
    Tokyo, Japan: 70 intersections, 63 road links (real OSM)
      2025 ...
      2026 ...
      2027 ...
      2028 ...
      2029 ...
      2030 ...
    CO2 (kg/run): Fixed-Time 2025=1571.3  ->  2030: Greedy=2303.0  QA-QUBO=2003.6

==========================================================
  CITY: Sao Paulo, Brazil
==========================================================
    Downloading OSM: Sao Paulo, Brazil (r=500m)...
    Sao Paulo, Brazil: 70 intersections, 86 road links (real OSM) (excluded 11 freeway-grade edges)
      2025 ...
      2026 ...
      2027 ...
      2028 ...
      2029 ...
      2030 ...
    CO2 (kg/run): Fixed-Time 2025=3713.4  ->  2030: Greedy=5210.2  QA-QUBO=4732.7

==========================================================
  CITY: Sydney, Australia
==========================================================
    Downloading OSM: Sydney, Australia (r=500m)...
    Sydney, Australia: 65 intersections, 97 road links (real OSM) (excluded 2 freeway-grade edges)
      2025 ...
      2026 ...
      2027 ...
      2028 ...
      2029 ...
      2030 ...
    CO2 (kg/run): Fixed-Time 2025=801.3  ->  2030: Greedy=924.2  QA-QUBO=790.4

Results saved: C:\QuantumTrafficOptimization\world_results.json

====================================================================================================
FULL 2030 CONTROLLER COMPARISON (same-year, 100% QA-QUBO adoption) -- CO2 kg/run
====================================================================================================
City                    Fixed-Time  Local-Greedy    QA-QUBO  Greedy vs Fixed  QUBO vs Fixed  QUBO vs Greedy
Fremont, CA                  754.4         573.1      527.9            24.0%          30.0%            7.9%
Delhi, India                4714.0        4814.2     4502.1            -2.1%           4.5%            6.5%
Los Angeles, CA             2323.9        2434.2     2080.7            -4.7%          10.5%           14.5%
Singapore                    679.4         595.1      537.0            12.4%          21.0%            9.8%
Oslo, Norway                 491.1         312.2      330.2            36.4%          32.8%           -5.8%
Mexico City, Mexico         5792.3        5936.2     5356.4            -2.5%           7.5%            9.8%
Beijing, China              1582.3        1714.4     1540.2            -8.3%           2.7%           10.2%
Jakarta, Indonesia          4509.7        4603.3     4367.3            -2.1%           3.2%            5.1%
London, UK                  1649.4        1580.7     1386.4             4.2%          15.9%           12.3%
Zurich, Switzerland          490.1         320.6      344.5            34.6%          29.7%           -7.5%
Cairo, Egypt                4398.8        4702.9     4223.3            -6.9%           4.0%           10.2%
Tokyo, Japan                2210.3        2303.0     2003.6            -4.2%           9.4%           13.0%
Sao Paulo, Brazil           4937.4        5210.2     4732.7            -5.5%           4.1%            9.2%
Sydney, Australia           1048.6         924.2      790.4            11.9%          24.6%           14.5%

QA-QUBO beats Local-Greedy in 12/14 cities (this figure is unstable across independent implementations -- see chat notes).

Generating world figures ...
  Saved fig12_world_ranking.png
  Saved fig13_pollution_vs_benefit.png

==================================================================
WORLD SIMULATION COMPLETE.
Figures: C:\QuantumTrafficOptimization\figures
==================================================================
